PASS textedit-read
PASS textedit-insert-synthetic
PASS textedit-insert-clipboard
PASS textedit-insert-axset
PASS caret-marker-textedit-any
PASS accept-insert-full
PASS accept-insert-word
PASS accept-insert-option-tab
PASS e2e-compme-pipeline
PASS e2e-compme-word-remainder
PASS e2e-compme-trailing-space
SKIP caret-marker-browser-marker: pass --browser-pid after focusing a Chrome/Safari text field
PASS popup-fallback-fixture
PASS accept-tap-inactive
PASS accept-tap-full
PASS accept-tap-word
PASS accept-tap-escape
PASS accept-tap-option-tab
PASS accept-tap-cycle
PASS accept-tap-delayed-hide
PASS overlay-presenter
PASS overlay-correction-presenter
MANUAL apps-policy-toggle-look: open Settings > Apps with at least two rows; verify On/Tab/Mid/AC/GF checkbox columns do not overlap names, toggle Enabled and Grammar fix for the focused app, confirm suggestions/corrections dismiss and config persists
MANUAL personalization-pane-look: open Settings > Personalization; edit instructions, sender, and strength, confirm multi-line commit/persistence and that the next request uses updated steering without relaunch
MANUAL menu-bar-icon-look: verify the menu bar icon renders crisply in light/dark appearances, status changes are visible, and the fallback title remains readable when the icon is unavailable
MANUAL shortcuts-recorder-look: open Settings > Shortcuts; click a recorder box, press a modifier-combo accept key, confirm the resolved chord displays, live rebind works, and the value persists after reopening Settings
MANUAL always-on-hotkeys-physical-look: with shortcuts configured, press force-activate, per-app toggle, global toggle, and grammar-check as physical keypress hotkeys; confirm each dispatches without reopening Settings and persists across relaunch
MANUAL setup-model-picker-look: open Settings > Setup; verify exactly one Show Models Folder control is visible and no Reveal Model in Finder control remains; verify model picker rows show fit suffixes, Download uses the selected row, license prompts appear before encumbered fetches, and dest-exists blocks re-fetch
MANUAL nine-tab-settings-walkthrough: walk all nine Settings panes: Setup, General, Personalization, Apps, Context, Emoji, Shortcuts, Statistics, and About; verify controls fit, reflect current state, and live-apply where documented
MANUAL full-autocorrect-prose-code-look: launch with COMPME_FULL_AUTOCORRECT=1; in TextEdit type a whole misspelled word and confirm the macOS correction offer replaces it atomically, then type equivalent prose in a code editor main pane and confirm no correction appears
MANUAL cross-app-previous-inputs-look: launch with COMPME_CROSS_APP_PREVIOUS_INPUTS=1 and COMPME_DIAG_CONTEXT=1; Full-accept in one of two supported apps, type in the other, and confirm prompt_context reports sources=recent without logging content; turn the switch off and confirm the global ring is cleared before re-enable
MANUAL selection-thesaurus-look: launch with COMPME_THESAURUS_SELECTION=1; select one word in TextEdit, confirm the correction banner, use Down to cycle, full-accept into the exact selected range, then move or collapse the stale selection and confirm it cannot apply
MANUAL tray-external-links-look: click Visit Website and Contact Support once each; confirm the browser opens the exact repository and new-issue pages without duplicate launches
MANUAL caret-marker-chromium-forks-calibration: on a granted desktop, type in Brave, Edge, and Vivaldi; confirm whether each ghost lands one line low before adding any bundle prefix to RECT_IS_LINE_BUNDLE_PREFIXES
MANUAL caret-marker-chrome-marker: focus a Google Chrome textarea or content-editable field; confirm the ghost lands on the caret line with MacosCaretRectSource::Marker in COMPME_DEBUG caret diagnostics
MANUAL caret-marker-chromium-marker: focus a Chromium build textarea or content-editable field; confirm the ghost lands on the caret line with MacosCaretRectSource::Marker in COMPME_DEBUG caret diagnostics
MANUAL caret-marker-electron-marker: focus an Electron app text field such as VS Code; confirm the ghost lands on the caret line with MacosCaretRectSource::Marker in COMPME_DEBUG caret diagnostics
MANUAL sidebar-only-editor-assistant-look: with COMPME_DEBUG=1, test VS Code, Cursor, and Windsurf: each main editor must produce no request, while a positively labelled assistant/chat field must submit a request with app_allows=true
MANUAL encrypted-memory-all-monitored-live: remaining residual after 2026-06-17 TextEdit and Chrome product-loop proofs: confirm secure-input, snoozed policy transition, and volatile-pid cases add no rows
MANUAL grammar-fix-textedit-look: launch compme with COMPME_GRAMMAR_FIX=1 plus COMPME_GRAMMAR_CHECK_KEY and COMPME_GRAMMAR_ACCEPT_KEY; in TextEdit verify 'teh' shows underline/banner, accept replaces exactly, and caret move/edit stales the correction
MANUAL mirror-window-firefox-zen-look: focus Firefox and Zen text fields with mirror-window mode enabled; confirm the ghost appears in the mirror window aligned to the focused text field and never in the source app window
MANUAL setup-needed-docs-arc-onboarding: focus Google Docs in Arc with Accessibility missing or unsupported element state; confirm setup-needed onboarding appears, names the missing Accessibility/setup action, and no completion request is submitted
MANUAL multi-candidate-cycle-physical-look: with a multi-candidate suggestion visible, press the physical Down-arrow; confirm it cycles candidates in order, wraps predictably, and accept inserts selected candidate
MANUAL input-monitoring-revoked-carbon-accept: current process is not in the revoked Input Monitoring state; revoke it manually and rerun to automate this spot-check
Summary: pass=21 fail=0 skip=1 incomplete=0 manual=22 logs=/tmp/compme-0.1.7-a1b-final
FAIL manual: unresolved MANUAL gates; use --allow-manual only after executing and recording the checklist
