PASS self-test-e2e-product-exit-status
PASS self-test-e2e-product-exit-status-success
PASS self-test-e2e-no-raw-output
PASS self-test-e2e-product-env-isolated
FAIL self-test-e2e-product-settings-forwarded: explicit gate settings were lost or unrelated settings leaked
PASS self-test-e2e-no-raw-banner
PASS self-test-e2e-word-default-has-remainder
PASS self-test-e2e-word-only-default-is-single-word
PASS self-test-e2e-full-key-sequence
PASS self-test-e2e-word-key-sequence
PASS self-test-e2e-word-only-key-sequence
PASS self-test-e2e-word-explicit-stub-preserved
PASS self-test-e2e-evidence-summary-redacts-hostile-content
PASS self-test-e2e-pipeline-evidence-full-success
PASS self-test-e2e-pipeline-evidence-real-rejects-unrelated-growth
PASS self-test-e2e-pipeline-evidence-word-only-success
PASS self-test-e2e-pipeline-evidence-real-word-only-rejects-unsupported-mode
PASS self-test-e2e-document-suffix-success
PASS self-test-e2e-document-suffix-rejects-missing-space
PASS self-test-e2e-pipeline-evidence-real-word-accepts-bounded-growth
PASS self-test-e2e-pipeline-evidence-real-word-rejects-overgrowth
PASS self-test-e2e-pipeline-evidence-missing-readback
PASS self-test-e2e-pipeline-evidence-mismatched-generation
PASS self-test-e2e-pipeline-evidence-hostile-requests
PASS self-test-e2e-pipeline-evidence-hostile-stage-text
PASS self-test-e2e-pipeline-evidence-full-missing-stages
PASS self-test-e2e-pipeline-evidence-word-missing-stages
PASS self-test-e2e-pipeline-evidence-real-model-readback-success
PASS self-test-e2e-pipeline-evidence-real-model-unchanged-readback
PASS self-test-e2e-pipeline-evidence-real-ignores-embedded-candidate-lengths
PASS self-test-e2e-real-model-configures-without-stub
PASS self-test-e2e-real-model-rejects-word-only
PASS self-test-e2e-real-model-rejects-stub-completion
PASS self-test-e2e-rejects-invalid-accept-mode
PASS self-test-e2e-rejects-invalid-real-model
PASS self-test-e2e-rejects-extra-self-test-arg
PASS self-test-e2e-rejects-extra-normal-arg
